Analysis & Synthesis report for pong_vh
Tue Aug 25 13:01:43 2026
Quartus Prime Version 25.1std.0 Build 1129 10/21/2025 SC Standard Edition


---------------------
; Table of Contents ;
---------------------
  1. Legal Notice
  2. Analysis & Synthesis Summary
  3. Analysis & Synthesis Settings
  4. Parallel Compilation
  5. Analysis & Synthesis Source Files Read
  6. Analysis & Synthesis Resource Usage Summary
  7. Analysis & Synthesis Resource Utilization by Entity
  8. State Machine - |pong_vh|ctrl:u_ctrl|State
  9. General Register Statistics
 10. Inverted Register Statistics
 11. Multiplexer Restructuring Statistics (Restructuring Performed)
 12. Parameter Settings for User Entity Instance: ctrl:u_ctrl
 13. Post-Synthesis Netlist Statistics for Top Partition
 14. Elapsed Time Per Partition
 15. Analysis & Synthesis Messages



----------------
; Legal Notice ;
----------------
Copyright (C) 2025  Altera Corporation. All rights reserved.
Your use of Altera Corporation's design tools, logic functions 
and other software and tools, and any partner logic 
functions, and any output files from any of the foregoing 
(including device programming or simulation files), and any 
associated documentation or information are expressly subject 
to the terms and conditions of the Altera Program License 
Subscription Agreement, the Altera Quartus Prime License Agreement,
the Altera IP License Agreement, or other applicable license
agreement, including, without limitation, that your use is for
the sole purpose of programming logic devices manufactured by
Altera and sold by Altera or its authorized distributors.  Please
refer to the Altera Software License Subscription Agreements 
on the Quartus Prime software download page.



+------------------------------------------------------------------------------------------+
; Analysis & Synthesis Summary                                                             ;
+------------------------------------+-----------------------------------------------------+
; Analysis & Synthesis Status        ; Successful - Tue Aug 25 13:01:43 2026               ;
; Quartus Prime Version              ; 25.1std.0 Build 1129 10/21/2025 SC Standard Edition ;
; Revision Name                      ; pong_vh                                             ;
; Top-level Entity Name              ; pong_vh                                             ;
; Family                             ; Cyclone IV E                                        ;
; Total logic elements               ; 228                                                 ;
;     Total combinational functions  ; 219                                                 ;
;     Dedicated logic registers      ; 65                                                  ;
; Total registers                    ; 65                                                  ;
; Total pins                         ; 11                                                  ;
; Total virtual pins                 ; 0                                                   ;
; Total memory bits                  ; 0                                                   ;
; Embedded Multiplier 9-bit elements ; 0                                                   ;
; Total PLLs                         ; 0                                                   ;
+------------------------------------+-----------------------------------------------------+


+------------------------------------------------------------------------------------------------------------+
; Analysis & Synthesis Settings                                                                              ;
+------------------------------------------------------------------+--------------------+--------------------+
; Option                                                           ; Setting            ; Default Value      ;
+------------------------------------------------------------------+--------------------+--------------------+
; Device                                                           ; EP4CE6E22C8        ;                    ;
; Top-level entity name                                            ; pong_vh            ; pong_vh            ;
; Family name                                                      ; Cyclone IV E       ; Cyclone V          ;
; Use smart compilation                                            ; Off                ; Off                ;
; Enable parallel Assembler and Timing Analyzer during compilation ; On                 ; On                 ;
; Enable compact report table                                      ; Off                ; Off                ;
; Restructure Multiplexers                                         ; Auto               ; Auto               ;
; Create Debugging Nodes for IP Cores                              ; Off                ; Off                ;
; Preserve fewer node names                                        ; On                 ; On                 ;
; Intel FPGA IP Evaluation Mode                                    ; Enable             ; Enable             ;
; Verilog Version                                                  ; Verilog_2001       ; Verilog_2001       ;
; VHDL Version                                                     ; VHDL_1993          ; VHDL_1993          ;
; State Machine Processing                                         ; Auto               ; Auto               ;
; Safe State Machine                                               ; Off                ; Off                ;
; Extract Verilog State Machines                                   ; On                 ; On                 ;
; Extract VHDL State Machines                                      ; On                 ; On                 ;
; Ignore Verilog initial constructs                                ; Off                ; Off                ;
; Iteration limit for constant Verilog loops                       ; 5000               ; 5000               ;
; Iteration limit for non-constant Verilog loops                   ; 250                ; 250                ;
; Add Pass-Through Logic to Inferred RAMs                          ; On                 ; On                 ;
; Infer RAMs from Raw Logic                                        ; On                 ; On                 ;
; Parallel Synthesis                                               ; On                 ; On                 ;
; DSP Block Balancing                                              ; Auto               ; Auto               ;
; NOT Gate Push-Back                                               ; On                 ; On                 ;
; Power-Up Don't Care                                              ; On                 ; On                 ;
; Remove Redundant Logic Cells                                     ; Off                ; Off                ;
; Remove Duplicate Registers                                       ; On                 ; On                 ;
; Ignore CARRY Buffers                                             ; Off                ; Off                ;
; Ignore CASCADE Buffers                                           ; Off                ; Off                ;
; Ignore GLOBAL Buffers                                            ; Off                ; Off                ;
; Ignore ROW GLOBAL Buffers                                        ; Off                ; Off                ;
; Ignore LCELL Buffers                                             ; Off                ; Off                ;
; Ignore SOFT Buffers                                              ; On                 ; On                 ;
; Limit AHDL Integers to 32 Bits                                   ; Off                ; Off                ;
; Optimization Technique                                           ; Balanced           ; Balanced           ;
; Carry Chain Length                                               ; 70                 ; 70                 ;
; Auto Carry Chains                                                ; On                 ; On                 ;
; Auto Open-Drain Pins                                             ; On                 ; On                 ;
; Perform WYSIWYG Primitive Resynthesis                            ; Off                ; Off                ;
; Auto ROM Replacement                                             ; On                 ; On                 ;
; Auto RAM Replacement                                             ; On                 ; On                 ;
; Auto DSP Block Replacement                                       ; On                 ; On                 ;
; Auto Shift Register Replacement                                  ; Auto               ; Auto               ;
; Allow Shift Register Merging across Hierarchies                  ; Auto               ; Auto               ;
; Auto Clock Enable Replacement                                    ; On                 ; On                 ;
; Strict RAM Replacement                                           ; Off                ; Off                ;
; Allow Synchronous Control Signals                                ; On                 ; On                 ;
; Force Use of Synchronous Clear Signals                           ; Off                ; Off                ;
; Auto RAM Block Balancing                                         ; On                 ; On                 ;
; Auto RAM to Logic Cell Conversion                                ; Off                ; Off                ;
; Auto Resource Sharing                                            ; Off                ; Off                ;
; Allow Any RAM Size For Recognition                               ; Off                ; Off                ;
; Allow Any ROM Size For Recognition                               ; Off                ; Off                ;
; Allow Any Shift Register Size For Recognition                    ; Off                ; Off                ;
; Use LogicLock Constraints during Resource Balancing              ; On                 ; On                 ;
; Ignore translate_off and synthesis_off directives                ; Off                ; Off                ;
; Timing-Driven Synthesis                                          ; On                 ; On                 ;
; Report Parameter Settings                                        ; On                 ; On                 ;
; Report Source Assignments                                        ; On                 ; On                 ;
; Report Connectivity Checks                                       ; On                 ; On                 ;
; Ignore Maximum Fan-Out Assignments                               ; Off                ; Off                ;
; Synchronization Register Chain Length                            ; 2                  ; 2                  ;
; Power Optimization During Synthesis                              ; Normal compilation ; Normal compilation ;
; HDL message level                                                ; Level2             ; Level2             ;
; Suppress Register Optimization Related Messages                  ; Off                ; Off                ;
; Number of Removed Registers Reported in Synthesis Report         ; 5000               ; 5000               ;
; Number of Swept Nodes Reported in Synthesis Report               ; 5000               ; 5000               ;
; Number of Inverted Registers Reported in Synthesis Report        ; 100                ; 100                ;
; Clock MUX Protection                                             ; On                 ; On                 ;
; Auto Gated Clock Conversion                                      ; Off                ; Off                ;
; Block Design Naming                                              ; Auto               ; Auto               ;
; SDC constraint protection                                        ; Off                ; Off                ;
; Synthesis Effort                                                 ; Auto               ; Auto               ;
; Shift Register Replacement - Allow Asynchronous Clear Signal     ; On                 ; On                 ;
; Pre-Mapping Resynthesis Optimization                             ; Off                ; Off                ;
; Analysis & Synthesis Message Level                               ; Medium             ; Medium             ;
; Disable Register Merging Across Hierarchies                      ; Auto               ; Auto               ;
; Resource Aware Inference For Block RAM                           ; On                 ; On                 ;
+------------------------------------------------------------------+--------------------+--------------------+


+------------------------------------------+
; Parallel Compilation                     ;
+----------------------------+-------------+
; Processors                 ; Number      ;
+----------------------------+-------------+
; Number detected on machine ; 28          ;
; Maximum allowed            ; 16          ;
;                            ;             ;
; Average used               ; 1.00        ;
; Maximum used               ; 16          ;
;                            ;             ;
; Usage by Processor         ; % Time Used ;
;     Processor 1            ; 100.0%      ;
;     Processors 2-16        ;   0.0%      ;
+----------------------------+-------------+


+-------------------------------------------------------------------------------------------------------------------------------------------------------------------------------------------------------------------+
; Analysis & Synthesis Source Files Read                                                                                                                                                                            ;
+---------------------------------------------------------------------------+-----------------+------------------------------+----------------------------------------------------------------------------+---------+
; File Name with User-Entered Path                                          ; Used in Netlist ; File Type                    ; File Name with Absolute Path                                               ; Library ;
+---------------------------------------------------------------------------+-----------------+------------------------------+----------------------------------------------------------------------------+---------+
; ../../pong_vh/pong_vh.v                                                   ; yes             ; User SystemVerilog HDL File  ; /home/mychip/MyChip_Work/Projects/MyChip_Games/pong_vh/pong_vh/pong_vh.v   ;         ;
; ../../pong_vh/ball.v                                                      ; yes             ; User SystemVerilog HDL File  ; /home/mychip/MyChip_Work/Projects/MyChip_Games/pong_vh/pong_vh/ball.v      ;         ;
; ../../pong_vh/lfsr_6bit.v                                                 ; yes             ; User SystemVerilog HDL File  ; /home/mychip/MyChip_Work/Projects/MyChip_Games/pong_vh/pong_vh/lfsr_6bit.v ;         ;
; ../../pong_vh/lfsr_7bit.v                                                 ; yes             ; User SystemVerilog HDL File  ; /home/mychip/MyChip_Work/Projects/MyChip_Games/pong_vh/pong_vh/lfsr_7bit.v ;         ;
; ../../pong_vh/ctrl.v                                                      ; yes             ; User SystemVerilog HDL File  ; /home/mychip/MyChip_Work/Projects/MyChip_Games/pong_vh/pong_vh/ctrl.v      ;         ;
; ../../pong_vh/paddle.v                                                    ; yes             ; User SystemVerilog HDL File  ; /home/mychip/MyChip_Work/Projects/MyChip_Games/pong_vh/pong_vh/paddle.v    ;         ;
; /home/mychip/MyChip_Work/Projects/MyChip_Games/pong_vh/pong_vh/pong_vh.vh ; yes             ; Auto-Found Unspecified File  ; /home/mychip/MyChip_Work/Projects/MyChip_Games/pong_vh/pong_vh/pong_vh.vh  ;         ;
+---------------------------------------------------------------------------+-----------------+------------------------------+----------------------------------------------------------------------------+---------+


+---------------------------------------------------------+
; Analysis & Synthesis Resource Usage Summary             ;
+---------------------------------------------+-----------+
; Resource                                    ; Usage     ;
+---------------------------------------------+-----------+
; Estimated Total logic elements              ; 228       ;
;                                             ;           ;
; Total combinational functions               ; 219       ;
; Logic element usage by number of LUT inputs ;           ;
;     -- 4 input functions                    ; 53        ;
;     -- 3 input functions                    ; 95        ;
;     -- <=2 input functions                  ; 71        ;
;                                             ;           ;
; Logic elements by mode                      ;           ;
;     -- normal mode                          ; 106       ;
;     -- arithmetic mode                      ; 113       ;
;                                             ;           ;
; Total registers                             ; 65        ;
;     -- Dedicated logic registers            ; 65        ;
;     -- I/O registers                        ; 0         ;
;                                             ;           ;
; I/O pins                                    ; 11        ;
;                                             ;           ;
; Embedded Multiplier 9-bit elements          ; 0         ;
;                                             ;           ;
; Maximum fan-out node                        ; clk~input ;
; Maximum fan-out                             ; 65        ;
; Total fan-out                               ; 942       ;
; Average fan-out                             ; 3.08      ;
+---------------------------------------------+-----------+


+---------------------------------------------------------------------------------------------------------------------------------------------------------------------------------------------------------------------+
; Analysis & Synthesis Resource Utilization by Entity                                                                                                                                                                 ;
+----------------------------+---------------------+---------------------------+-------------+--------------+---------+-----------+------+--------------+--------------------------------+-------------+--------------+
; Compilation Hierarchy Node ; Combinational ALUTs ; Dedicated Logic Registers ; Memory Bits ; DSP Elements ; DSP 9x9 ; DSP 18x18 ; Pins ; Virtual Pins ; Full Hierarchy Name            ; Entity Name ; Library Name ;
+----------------------------+---------------------+---------------------------+-------------+--------------+---------+-----------+------+--------------+--------------------------------+-------------+--------------+
; |pong_vh                   ; 219 (1)             ; 65 (0)                    ; 0           ; 0            ; 0       ; 0         ; 11   ; 0            ; |pong_vh                       ; pong_vh     ; work         ;
;    |ball:u_ball|           ; 102 (102)           ; 16 (16)                   ; 0           ; 0            ; 0       ; 0         ; 0    ; 0            ; |pong_vh|ball:u_ball           ; ball        ; work         ;
;    |ctrl:u_ctrl|           ; 51 (51)             ; 24 (24)                   ; 0           ; 0            ; 0       ; 0         ; 0    ; 0            ; |pong_vh|ctrl:u_ctrl           ; ctrl        ; work         ;
;    |lfsr_6bit:u_lfsr_6bit| ; 7 (7)               ; 6 (6)                     ; 0           ; 0            ; 0       ; 0         ; 0    ; 0            ; |pong_vh|lfsr_6bit:u_lfsr_6bit ; lfsr_6bit   ; work         ;
;    |lfsr_7bit:u_lfsr_7bit| ; 3 (3)               ; 7 (7)                     ; 0           ; 0            ; 0       ; 0         ; 0    ; 0            ; |pong_vh|lfsr_7bit:u_lfsr_7bit ; lfsr_7bit   ; work         ;
;    |paddle:u_paddle|       ; 55 (55)             ; 12 (12)                   ; 0           ; 0            ; 0       ; 0         ; 0    ; 0            ; |pong_vh|paddle:u_paddle       ; paddle      ; work         ;
+----------------------------+---------------------+---------------------------+-------------+--------------+---------+-----------+------+--------------+--------------------------------+-------------+--------------+
Note: For table entries with two numbers listed, the numbers in parentheses indicate the number of resources of the given type used by the specific entity alone. The numbers listed outside of parentheses indicate the total resources of the given type used by the specific entity and all of its sub-entities in the hierarchy.


Encoding Type:  One-Hot
+----------------------------------------------------------------------------------------+
; State Machine - |pong_vh|ctrl:u_ctrl|State                                             ;
+---------------+---------------+--------------+-------------+-------------+-------------+
; Name          ; State.sV_Sync ; State.sPixel ; State.sWait ; State.sLoad ; State.sGame ;
+---------------+---------------+--------------+-------------+-------------+-------------+
; State.sGame   ; 0             ; 0            ; 0           ; 0           ; 0           ;
; State.sLoad   ; 0             ; 0            ; 0           ; 1           ; 1           ;
; State.sWait   ; 0             ; 0            ; 1           ; 0           ; 1           ;
; State.sPixel  ; 0             ; 1            ; 0           ; 0           ; 1           ;
; State.sV_Sync ; 1             ; 0            ; 0           ; 0           ; 1           ;
+---------------+---------------+--------------+-------------+-------------+-------------+


+------------------------------------------------------+
; General Register Statistics                          ;
+----------------------------------------------+-------+
; Statistic                                    ; Value ;
+----------------------------------------------+-------+
; Total registers                              ; 65    ;
; Number of registers using Synchronous Clear  ; 1     ;
; Number of registers using Synchronous Load   ; 26    ;
; Number of registers using Asynchronous Clear ; 65    ;
; Number of registers using Asynchronous Load  ; 0     ;
; Number of registers using Clock Enable       ; 56    ;
; Number of registers using Preset             ; 0     ;
+----------------------------------------------+-------+


+---------------------------------------------------+
; Inverted Register Statistics                      ;
+-----------------------------------------+---------+
; Inverted Register                       ; Fan out ;
+-----------------------------------------+---------+
; ball:u_ball|y_ball[1]                   ; 7       ;
; ctrl:u_ctrl|y_pos[1]                    ; 9       ;
; ctrl:u_ctrl|y_pos[0]                    ; 9       ;
; ball:u_ball|y_ball[2]                   ; 8       ;
; ctrl:u_ctrl|y_pos[2]                    ; 8       ;
; ctrl:u_ctrl|x_pos[1]                    ; 8       ;
; ctrl:u_ctrl|x_pos[0]                    ; 7       ;
; ctrl:u_ctrl|x_pos[2]                    ; 8       ;
; ball:u_ball|y_ball[4]                   ; 8       ;
; ball:u_ball|y_ball[3]                   ; 7       ;
; ctrl:u_ctrl|y_pos[5]                    ; 7       ;
; ctrl:u_ctrl|y_pos[4]                    ; 7       ;
; ctrl:u_ctrl|y_pos[3]                    ; 7       ;
; ctrl:u_ctrl|x_pos[6]                    ; 8       ;
; ctrl:u_ctrl|x_pos[5]                    ; 7       ;
; ctrl:u_ctrl|x_pos[4]                    ; 7       ;
; ctrl:u_ctrl|x_pos[3]                    ; 7       ;
; lfsr_7bit:u_lfsr_7bit|rand_out[0]       ; 2       ;
; lfsr_6bit:u_lfsr_6bit|rand_out[5]       ; 2       ;
; Total number of inverted registers = 19 ;         ;
+-----------------------------------------+---------+


+--------------------------------------------------------------------------------------------------------------------------------------------------+
; Multiplexer Restructuring Statistics (Restructuring Performed)                                                                                   ;
+--------------------+-----------+---------------+----------------------+------------------------+------------+------------------------------------+
; Multiplexer Inputs ; Bus Width ; Baseline Area ; Area if Restructured ; Saving if Restructured ; Registered ; Example Multiplexer Output         ;
+--------------------+-----------+---------------+----------------------+------------------------+------------+------------------------------------+
; 3:1                ; 9 bits    ; 18 LEs        ; 9 LEs                ; 9 LEs                  ; Yes        ; |pong_vh|ball:u_ball|y_ball[0]     ;
; 5:1                ; 3 bits    ; 9 LEs         ; 6 LEs                ; 3 LEs                  ; Yes        ; |pong_vh|ctrl:u_ctrl|cnt_v_sync[2] ;
; 3:1                ; 4 bits    ; 8 LEs         ; 4 LEs                ; 4 LEs                  ; Yes        ; |pong_vh|ball:u_ball|y_ball[1]     ;
; 3:1                ; 7 bits    ; 14 LEs        ; 7 LEs                ; 7 LEs                  ; Yes        ; |pong_vh|ctrl:u_ctrl|x_pos[1]      ;
; 4:1                ; 6 bits    ; 12 LEs        ; 6 LEs                ; 6 LEs                  ; Yes        ; |pong_vh|ctrl:u_ctrl|y_pos[5]      ;
; 3:1                ; 2 bits    ; 4 LEs         ; 4 LEs                ; 0 LEs                  ; No         ; |pong_vh|ctrl:u_ctrl|State         ;
+--------------------+-----------+---------------+----------------------+------------------------+------------+------------------------------------+


+----------------------------------------------------------+
; Parameter Settings for User Entity Instance: ctrl:u_ctrl ;
+----------------+-------+---------------------------------+
; Parameter Name ; Value ; Type                            ;
+----------------+-------+---------------------------------+
; sGame          ; 00001 ; Unsigned Binary                 ;
; sLoad          ; 00010 ; Unsigned Binary                 ;
; sWait          ; 00100 ; Unsigned Binary                 ;
; sPixel         ; 01000 ; Unsigned Binary                 ;
; sV_Sync        ; 10000 ; Unsigned Binary                 ;
+----------------+-------+---------------------------------+
Note: In order to hide this table in the UI and the text report file, please set the "Show Parameter Settings in Synthesis Report" option in "Analysis and Synthesis Settings -> More Settings" to "Off".


+-----------------------------------------------------+
; Post-Synthesis Netlist Statistics for Top Partition ;
+-----------------------+-----------------------------+
; Type                  ; Count                       ;
+-----------------------+-----------------------------+
; boundary_port         ; 11                          ;
; cycloneiii_ff         ; 65                          ;
;     CLR               ; 8                           ;
;     CLR SCLR          ; 1                           ;
;     ENA CLR           ; 30                          ;
;     ENA CLR SLD       ; 26                          ;
; cycloneiii_lcell_comb ; 219                         ;
;     arith             ; 113                         ;
;         1 data inputs ; 2                           ;
;         2 data inputs ; 28                          ;
;         3 data inputs ; 83                          ;
;     normal            ; 106                         ;
;         0 data inputs ; 3                           ;
;         1 data inputs ; 10                          ;
;         2 data inputs ; 28                          ;
;         3 data inputs ; 12                          ;
;         4 data inputs ; 53                          ;
;                       ;                             ;
; Max LUT depth         ; 5.60                        ;
; Average LUT depth     ; 3.35                        ;
+-----------------------+-----------------------------+


+-------------------------------+
; Elapsed Time Per Partition    ;
+----------------+--------------+
; Partition Name ; Elapsed Time ;
+----------------+--------------+
; Top            ; 00:00:00     ;
+----------------+--------------+


+-------------------------------+
; Analysis & Synthesis Messages ;
+-------------------------------+
Info: *******************************************************************
Info: Running Quartus Prime Analysis & Synthesis
    Info: Version 25.1std.0 Build 1129 10/21/2025 SC Standard Edition
    Info: Processing started: Tue Aug 25 13:01:39 2026
Info: Command: quartus_map --read_settings_files=on --write_settings_files=off pong_vh -c pong_vh
Info (125069): Default assignment values were changed in the current version of the Quartus Prime software -- changes to default assignments values are contained in file /opt/altera_standard/25.1std/quartus/linux64/assignment_defaults.qdf
Warning (18236): Number of processors has not been specified which may cause overloading on shared machines.  Set the global assignment NUM_PARALLEL_PROCESSORS in your QSF to an appropriate value for best performance.
Info (20030): Parallel compilation is enabled and will use 16 of the 20 processors detected
Info (12021): Found 1 design units, including 1 entities, in source file /home/mychip/MyChip_Work/Projects/MyChip_Games/pong_vh/pong_vh/pong_vh.v
    Info (12023): Found entity 1: pong_vh File: /home/mychip/MyChip_Work/Projects/MyChip_Games/pong_vh/pong_vh/pong_vh.v Line: 6
Info (12021): Found 1 design units, including 1 entities, in source file /home/mychip/MyChip_Work/Projects/MyChip_Games/pong_vh/pong_vh/ball.v
    Info (12023): Found entity 1: ball File: /home/mychip/MyChip_Work/Projects/MyChip_Games/pong_vh/pong_vh/ball.v Line: 7
Info (12021): Found 1 design units, including 1 entities, in source file /home/mychip/MyChip_Work/Projects/MyChip_Games/pong_vh/pong_vh/lfsr_6bit.v
    Info (12023): Found entity 1: lfsr_6bit File: /home/mychip/MyChip_Work/Projects/MyChip_Games/pong_vh/pong_vh/lfsr_6bit.v Line: 5
Info (12021): Found 1 design units, including 1 entities, in source file /home/mychip/MyChip_Work/Projects/MyChip_Games/pong_vh/pong_vh/lfsr_7bit.v
    Info (12023): Found entity 1: lfsr_7bit File: /home/mychip/MyChip_Work/Projects/MyChip_Games/pong_vh/pong_vh/lfsr_7bit.v Line: 5
Info (12021): Found 1 design units, including 1 entities, in source file /home/mychip/MyChip_Work/Projects/MyChip_Games/pong_vh/pong_vh/ctrl.v
    Info (12023): Found entity 1: ctrl File: /home/mychip/MyChip_Work/Projects/MyChip_Games/pong_vh/pong_vh/ctrl.v Line: 7
Info (12021): Found 1 design units, including 1 entities, in source file /home/mychip/MyChip_Work/Projects/MyChip_Games/pong_vh/pong_vh/paddle.v
    Info (12023): Found entity 1: paddle File: /home/mychip/MyChip_Work/Projects/MyChip_Games/pong_vh/pong_vh/paddle.v Line: 7
Info (12127): Elaborating entity "pong_vh" for the top level hierarchy
Info (12128): Elaborating entity "ctrl" for hierarchy "ctrl:u_ctrl" File: /home/mychip/MyChip_Work/Projects/MyChip_Games/pong_vh/pong_vh/pong_vh.v Line: 38
Warning (10230): Verilog HDL assignment warning at ctrl.v(84): truncated value with size 32 to match size of target (7) File: /home/mychip/MyChip_Work/Projects/MyChip_Games/pong_vh/pong_vh/ctrl.v Line: 84
Warning (10230): Verilog HDL assignment warning at ctrl.v(89): truncated value with size 32 to match size of target (6) File: /home/mychip/MyChip_Work/Projects/MyChip_Games/pong_vh/pong_vh/ctrl.v Line: 89
Warning (10230): Verilog HDL assignment warning at ctrl.v(122): truncated value with size 32 to match size of target (3) File: /home/mychip/MyChip_Work/Projects/MyChip_Games/pong_vh/pong_vh/ctrl.v Line: 122
Info (12128): Elaborating entity "ball" for hierarchy "ball:u_ball" File: /home/mychip/MyChip_Work/Projects/MyChip_Games/pong_vh/pong_vh/pong_vh.v Line: 52
Warning (10230): Verilog HDL assignment warning at ball.v(40): truncated value with size 32 to match size of target (7) File: /home/mychip/MyChip_Work/Projects/MyChip_Games/pong_vh/pong_vh/ball.v Line: 40
Warning (10230): Verilog HDL assignment warning at ball.v(41): truncated value with size 32 to match size of target (7) File: /home/mychip/MyChip_Work/Projects/MyChip_Games/pong_vh/pong_vh/ball.v Line: 41
Warning (10230): Verilog HDL assignment warning at ball.v(42): truncated value with size 32 to match size of target (6) File: /home/mychip/MyChip_Work/Projects/MyChip_Games/pong_vh/pong_vh/ball.v Line: 42
Warning (10230): Verilog HDL assignment warning at ball.v(43): truncated value with size 32 to match size of target (6) File: /home/mychip/MyChip_Work/Projects/MyChip_Games/pong_vh/pong_vh/ball.v Line: 43
Warning (10230): Verilog HDL assignment warning at ball.v(100): truncated value with size 6 to match size of target (3) File: /home/mychip/MyChip_Work/Projects/MyChip_Games/pong_vh/pong_vh/ball.v Line: 100
Warning (10230): Verilog HDL assignment warning at ball.v(107): truncated value with size 7 to match size of target (3) File: /home/mychip/MyChip_Work/Projects/MyChip_Games/pong_vh/pong_vh/ball.v Line: 107
Info (12128): Elaborating entity "lfsr_6bit" for hierarchy "lfsr_6bit:u_lfsr_6bit" File: /home/mychip/MyChip_Work/Projects/MyChip_Games/pong_vh/pong_vh/pong_vh.v Line: 58
Info (12128): Elaborating entity "lfsr_7bit" for hierarchy "lfsr_7bit:u_lfsr_7bit" File: /home/mychip/MyChip_Work/Projects/MyChip_Games/pong_vh/pong_vh/pong_vh.v Line: 64
Info (12128): Elaborating entity "paddle" for hierarchy "paddle:u_paddle" File: /home/mychip/MyChip_Work/Projects/MyChip_Games/pong_vh/pong_vh/pong_vh.v Line: 78
Warning (10230): Verilog HDL assignment warning at paddle.v(35): truncated value with size 32 to match size of target (6) File: /home/mychip/MyChip_Work/Projects/MyChip_Games/pong_vh/pong_vh/paddle.v Line: 35
Warning (10230): Verilog HDL assignment warning at paddle.v(37): truncated value with size 32 to match size of target (6) File: /home/mychip/MyChip_Work/Projects/MyChip_Games/pong_vh/pong_vh/paddle.v Line: 37
Warning (10230): Verilog HDL assignment warning at paddle.v(42): truncated value with size 32 to match size of target (1) File: /home/mychip/MyChip_Work/Projects/MyChip_Games/pong_vh/pong_vh/paddle.v Line: 42
Warning (10230): Verilog HDL assignment warning at paddle.v(55): truncated value with size 32 to match size of target (7) File: /home/mychip/MyChip_Work/Projects/MyChip_Games/pong_vh/pong_vh/paddle.v Line: 55
Warning (10230): Verilog HDL assignment warning at paddle.v(57): truncated value with size 32 to match size of target (7) File: /home/mychip/MyChip_Work/Projects/MyChip_Games/pong_vh/pong_vh/paddle.v Line: 57
Warning (10240): Verilog HDL Always Construct warning at paddle.v(46): inferring latch(es) for variable "paddle_h", which holds its previous value in one or more paths through the always construct File: /home/mychip/MyChip_Work/Projects/MyChip_Games/pong_vh/pong_vh/paddle.v Line: 46
Warning (10230): Verilog HDL assignment warning at paddle.v(62): truncated value with size 32 to match size of target (1) File: /home/mychip/MyChip_Work/Projects/MyChip_Games/pong_vh/pong_vh/paddle.v Line: 62
Info (10041): Inferred latch for "paddle_h[0]" at paddle.v(46) File: /home/mychip/MyChip_Work/Projects/MyChip_Games/pong_vh/pong_vh/paddle.v Line: 46
Info (13000): Registers with preset signals will power-up high File: /home/mychip/MyChip_Work/Projects/MyChip_Games/pong_vh/pong_vh/lfsr_7bit.v Line: 19
Info (13003): DEV_CLRn pin will set, and not reset, register with preset signal due to NOT Gate Push-Back
Info (286030): Timing-Driven Synthesis is running
Info (16010): Generating hard_block partition "hard_block:auto_generated_inst"
    Info (16011): Adding 0 node(s), including 0 DDIO, 0 PLL, 0 transceiver and 0 LCELL
Info (21057): Implemented 239 device resources after synthesis - the final resource count might be different
    Info (21058): Implemented 7 input pins
    Info (21059): Implemented 4 output pins
    Info (21061): Implemented 228 logic cells
Info: Quartus Prime Analysis & Synthesis was successful. 0 errors, 17 warnings
    Info: Peak virtual memory: 480 megabytes
    Info: Processing ended: Tue Aug 25 13:01:43 2026
    Info: Elapsed time: 00:00:04
    Info: Total CPU time (on all processors): 00:00:10


